// Jest Snapshot v1, https://goo.gl/fbAQLP

exports[`Button renders correctly 1`] = `
<button
  disabled={true}
  onClick={[Function]}
>
  Nice
</button>
`;
