// Jest Snapshot v1, https://goo.gl/fbAQLP

exports[`TotalAmount renders correctly 1`] = `
<div>
  You have 
  $
  24.00
</div>
`;
