// Jest Snapshot v1, https://goo.gl/fbAQLP

exports[`App renders correctly 1`] = `
<div
  className="d-flex justify-content-center"
>
  <Memo(l) />
  <div
    className="w-50"
  >
    <h1
      className="text-center mt-2 mb-4"
    >
      Currency Converter
    </h1>
    <AppContextProvider>
      <Exchanger />
    </AppContextProvider>
  </div>
</div>
`;
